// Jest Snapshot v1, https://goo.gl/fbAQLP

exports[`SearchAndFilterComponent renders correctly 1`] = `
<View
  style={
    [
      {
        "backgroundColor": "#fff",
      },
      {
        "alignItems": "center",
        "alignSelf": "center",
        "display": "flex",
        "flexDirection": "row",
        "justifyContent": "space-between",
        "marginBottom": 10,
        "marginTop": 10,
        "width": "90%",
      },
    ]
  }
>
  <View
    colorTheme="light"
    style={
      [
        {
          "backgroundColor": "#fff",
        },
        {
          "borderBottomLeftRadius": 2,
          "borderBottomRightRadius": 2,
          "borderColor": "#687076",
          "borderStyle": "solid",
          "borderTopLeftRadius": 2,
          "borderTopRightRadius": 2,
          "borderWidth": 1,
          "flexBasis": 0,
          "flexGrow": 1,
          "flexShrink": 1,
          "paddingBottom": 5,
          "paddingLeft": 10,
          "paddingRight": 5,
          "paddingTop": 5,
        },
      ]
    }
  >
    <View
      style={
        [
          {
            "backgroundColor": "#fff",
          },
          {
            "alignItems": "center",
            "flexDirection": "row",
            "justifyContent": "space-between",
          },
        ]
      }
    >
      <TextInput
        colorTheme="light"
        onChangeText={[Function]}
        placeholder="Busca..."
        placeholderTextColor="#11181C"
        style={
          {
            "backgroundColor": "#fff",
            "color": "#11181C",
            "flexBasis": 0,
            "flexGrow": 1,
            "flexShrink": 1,
            "paddingBottom": 2,
            "paddingLeft": 2,
            "paddingRight": 2,
            "paddingTop": 2,
          }
        }
        value=""
      />
      <View
        accessibilityState={
          {
            "busy": undefined,
            "checked": undefined,
            "disabled": undefined,
            "expanded": undefined,
            "selected": undefined,
          }
        }
        accessibilityValue={
          {
            "max": undefined,
            "min": undefined,
            "now": undefined,
            "text": undefined,
          }
        }
        accessible={true}
        collapsable={false}
        focusable={false}
        onClick={[Function]}
        onResponderGrant={[Function]}
        onResponderMove={[Function]}
        onResponderRelease={[Function]}
        onResponderTerminate={[Function]}
        onResponderTerminationRequest={[Function]}
        onStartShouldSetResponder={[Function]}
        style={
          {
            "opacity": 1,
          }
        }
      >
        <Text />
      </View>
    </View>
  </View>
  <View
    style={
      [
        {
          "backgroundColor": "#fff",
        },
        {
          "color": "",
          "paddingLeft": 10,
        },
      ]
    }
  >
    <Text />
  </View>
</View>
`;
